---
http_interactions:
- request:
    method: get
    uri: http://im.govwizely.com/api/terms.json?log_failed=false&mapped_term=Missing%20Country:%20Washington,%20DC%20and%20San%20Francisco,%20CA&source=TradeEvent::Ustda
    body:
      encoding: US-ASCII
      string: ''
    headers:
      Accept-Encoding:
      - gzip;q=1.0,deflate;q=0.6,identity;q=0.3
      Accept:
      - "*/*"
      User-Agent:
      - Ruby
  response:
    status:
      code: 200
      message: OK
    headers:
      Date:
      - Wed, 20 Jan 2016 21:33:41 GMT
      Server:
      - Apache
      X-Frame-Options:
      - SAMEORIGIN
      X-Xss-Protection:
      - 1; mode=block
      X-Content-Type-Options:
      - nosniff
      Etag:
      - '"d751713988987e9331980363e24189ce"'
      Cache-Control:
      - max-age=0, private, must-revalidate
      X-Request-Id:
      - 6aa1dec0-20be-47fe-94a2-7a567e043112
      Status:
      - 200 OK
      Vary:
      - Accept-Encoding
      Content-Length:
      - '22'
      Connection:
      - close
      Content-Type:
      - application/json; charset=utf-8
    body:
      encoding: UTF-8
      string: "[]"
    http_version: 
  recorded_at: Wed, 20 Jan 2016 21:33:41 GMT
- request:
    method: get
    uri: http://im.govwizely.com/api/terms.json?log_failed=false&mapped_term=Missing%20Country:%20Miami,%20FL%3B%20Houston,%20TX%3B%20and%20Los%20Angeles,%20CA&source=TradeEvent::Ustda
    body:
      encoding: US-ASCII
      string: ''
    headers:
      Accept-Encoding:
      - gzip;q=1.0,deflate;q=0.6,identity;q=0.3
      Accept:
      - "*/*"
      User-Agent:
      - Ruby
  response:
    status:
      code: 200
      message: OK
    headers:
      Date:
      - Wed, 20 Jan 2016 21:33:41 GMT
      Server:
      - Apache
      X-Frame-Options:
      - SAMEORIGIN
      X-Xss-Protection:
      - 1; mode=block
      X-Content-Type-Options:
      - nosniff
      Etag:
      - '"d751713988987e9331980363e24189ce"'
      Cache-Control:
      - max-age=0, private, must-revalidate
      X-Request-Id:
      - bc632f25-a73d-442a-8bac-50374921802c
      Status:
      - 200 OK
      Vary:
      - Accept-Encoding
      Content-Length:
      - '22'
      Connection:
      - close
      Content-Type:
      - application/json; charset=utf-8
    body:
      encoding: UTF-8
      string: "[]"
    http_version: 
  recorded_at: Wed, 20 Jan 2016 21:33:41 GMT
- request:
    method: get
    uri: http://im.govwizely.com/api/terms.json?log_failed=false&mapped_term=Missing%20Country:%20Los%20Angeles,%20CA&source=TradeEvent::Ustda
    body:
      encoding: US-ASCII
      string: ''
    headers:
      Accept-Encoding:
      - gzip;q=1.0,deflate;q=0.6,identity;q=0.3
      Accept:
      - "*/*"
      User-Agent:
      - Ruby
  response:
    status:
      code: 200
      message: OK
    headers:
      Date:
      - Wed, 20 Jan 2016 21:33:41 GMT
      Server:
      - Apache
      X-Frame-Options:
      - SAMEORIGIN
      X-Xss-Protection:
      - 1; mode=block
      X-Content-Type-Options:
      - nosniff
      Etag:
      - '"d751713988987e9331980363e24189ce"'
      Cache-Control:
      - max-age=0, private, must-revalidate
      X-Request-Id:
      - 2d4c08bf-65ee-42f8-bb47-b1ce94b9e7e7
      Status:
      - 200 OK
      Vary:
      - Accept-Encoding
      Content-Length:
      - '22'
      Connection:
      - close
      Content-Type:
      - application/json; charset=utf-8
    body:
      encoding: UTF-8
      string: "[]"
    http_version: 
  recorded_at: Wed, 20 Jan 2016 21:33:42 GMT
- request:
    method: get
    uri: http://im.govwizely.com/api/terms.json?log_failed=false&mapped_term=Missing%20Country:%20San%20Francisco,%20CA&source=TradeEvent::Ustda
    body:
      encoding: US-ASCII
      string: ''
    headers:
      Accept-Encoding:
      - gzip;q=1.0,deflate;q=0.6,identity;q=0.3
      Accept:
      - "*/*"
      User-Agent:
      - Ruby
  response:
    status:
      code: 200
      message: OK
    headers:
      Date:
      - Wed, 20 Jan 2016 21:33:42 GMT
      Server:
      - Apache
      X-Frame-Options:
      - SAMEORIGIN
      X-Xss-Protection:
      - 1; mode=block
      X-Content-Type-Options:
      - nosniff
      Etag:
      - '"421e345c529d81591b7cfc198b24a260"'
      Cache-Control:
      - max-age=0, private, must-revalidate
      X-Request-Id:
      - 34466aae-8e97-4aca-9314-975a66a7c9bf
      Status:
      - 200 OK
      Vary:
      - Accept-Encoding
      Content-Length:
      - '56'
      Connection:
      - close
      Content-Type:
      - application/json; charset=utf-8
    body:
      encoding: UTF-8
      string: '[{"id":2005,"name":"United States"}]'
    http_version: 
  recorded_at: Wed, 20 Jan 2016 21:33:42 GMT
recorded_with: VCR 2.9.3
